  Collision.cpp
  ECS.cpp
  Graphics.cpp
D:\damia\One drive\OneDrive\Pulpit\Programming\C++\GameLib\Lib\Core\include\JSON_Parser.h(17,11): warning C4099: "JSON::JsonValue": nazwa typu najpierw widoczna przy użyciu "struct" teraz widoczna przy użyciu "class"
  (kompilowanie pliku źródłowego „src/Graphics.cpp”)
      D:\damia\One drive\OneDrive\Pulpit\Programming\C++\GameLib\Lib\Core\include\JSON_Parser.h(17,11):
      zobacz deklarację „JSON::JsonValue”
  
D:\damia\One drive\OneDrive\Pulpit\Programming\C++\GameLib\Lib\GameECS\src\Graphics.cpp(121,28): warning C4244: "inicjowanie": konwersja z "T" do "float", możliwa utrata danych
D:\damia\One drive\OneDrive\Pulpit\Programming\C++\GameLib\Lib\GameECS\src\Graphics.cpp(121,28): warning C4244:         with
D:\damia\One drive\OneDrive\Pulpit\Programming\C++\GameLib\Lib\GameECS\src\Graphics.cpp(121,28): warning C4244:         [
D:\damia\One drive\OneDrive\Pulpit\Programming\C++\GameLib\Lib\GameECS\src\Graphics.cpp(121,28): warning C4244:             T=double
D:\damia\One drive\OneDrive\Pulpit\Programming\C++\GameLib\Lib\GameECS\src\Graphics.cpp(121,28): warning C4244:         ]
D:\damia\One drive\OneDrive\Pulpit\Programming\C++\GameLib\Lib\GameECS\src\Graphics.cpp(122,28): warning C4244: "inicjowanie": konwersja z "T" do "float", możliwa utrata danych
D:\damia\One drive\OneDrive\Pulpit\Programming\C++\GameLib\Lib\GameECS\src\Graphics.cpp(122,28): warning C4244:         with
D:\damia\One drive\OneDrive\Pulpit\Programming\C++\GameLib\Lib\GameECS\src\Graphics.cpp(122,28): warning C4244:         [
D:\damia\One drive\OneDrive\Pulpit\Programming\C++\GameLib\Lib\GameECS\src\Graphics.cpp(122,28): warning C4244:             T=double
D:\damia\One drive\OneDrive\Pulpit\Programming\C++\GameLib\Lib\GameECS\src\Graphics.cpp(122,28): warning C4244:         ]
D:\damia\One drive\OneDrive\Pulpit\Programming\C++\GameLib\Lib\GameECS\src\Graphics.cpp(123,28): warning C4244: "inicjowanie": konwersja z "T" do "float", możliwa utrata danych
D:\damia\One drive\OneDrive\Pulpit\Programming\C++\GameLib\Lib\GameECS\src\Graphics.cpp(123,28): warning C4244:         with
D:\damia\One drive\OneDrive\Pulpit\Programming\C++\GameLib\Lib\GameECS\src\Graphics.cpp(123,28): warning C4244:         [
D:\damia\One drive\OneDrive\Pulpit\Programming\C++\GameLib\Lib\GameECS\src\Graphics.cpp(123,28): warning C4244:             T=double
D:\damia\One drive\OneDrive\Pulpit\Programming\C++\GameLib\Lib\GameECS\src\Graphics.cpp(123,28): warning C4244:         ]
D:\damia\One drive\OneDrive\Pulpit\Programming\C++\GameLib\Lib\GameECS\src\Graphics.cpp(124,28): warning C4244: "inicjowanie": konwersja z "T" do "float", możliwa utrata danych
D:\damia\One drive\OneDrive\Pulpit\Programming\C++\GameLib\Lib\GameECS\src\Graphics.cpp(124,28): warning C4244:         with
D:\damia\One drive\OneDrive\Pulpit\Programming\C++\GameLib\Lib\GameECS\src\Graphics.cpp(124,28): warning C4244:         [
D:\damia\One drive\OneDrive\Pulpit\Programming\C++\GameLib\Lib\GameECS\src\Graphics.cpp(124,28): warning C4244:             T=double
D:\damia\One drive\OneDrive\Pulpit\Programming\C++\GameLib\Lib\GameECS\src\Graphics.cpp(124,28): warning C4244:         ]
  Movment.cpp
  Generowanie kodu...
  GameECS.vcxproj -> D:\damia\One drive\OneDrive\Pulpit\Programming\C++\GameLib\x64\Debug\GameECS.lib
